00:00 +0: loading C:/Code/TaskMaster/TaskMaster-Flutter/test/app_state_test.dart
00:00 +0: C:/Code/TaskMaster/TaskMaster-Flutter/test/integration/recurring_task_test.dart: Recurring Task Integration Tests Task linked to daily recurrence displays correctly
✓ Daily recurring task displayed correctly
00:01 +1: C:/Code/TaskMaster/TaskMaster-Flutter/test/integration/sprint_test.dart: Sprint Integration Tests NewSprint form displays when no active sprint exists
00:01 +1: C:/Code/TaskMaster/TaskMaster-Flutter/test/integration/recurring_task_test.dart: Recurring Task Integration Tests Task linked to weekly recurrence displays correctly
✓ Weekly recurring task displayed correctly
00:01 +2: C:/Code/TaskMaster/TaskMaster-Flutter/test/integration/sprint_test.dart: Sprint Integration Tests NewSprint form displays when no active sprint exists
00:01 +2: C:/Code/TaskMaster/TaskMaster-Flutter/test/integration/recurring_task_test.dart: Recurring Task Integration Tests Multiple recurring tasks display correctly
✓ Multiple recurring tasks displayed correctly
00:01 +3: C:/Code/TaskMaster/TaskMaster-Flutter/test/integration/sprint_test.dart: Sprint Integration Tests NewSprint form displays when no active sprint exists
00:01 +3: C:/Code/TaskMaster/TaskMaster-Flutter/test/integration/recurring_task_test.dart: Recurring Task Integration Tests Non-recurring tasks display alongside recurring tasks
✓ Mixed recurring and non-recurring tasks displayed correctly
00:01 +4: C:/Code/TaskMaster/TaskMaster-Flutter/test/integration/sprint_test.dart: Sprint Integration Tests NewSprint form displays when no active sprint exists
00:01 +4: C:/Code/TaskMaster/TaskMaster-Flutter/test/integration/recurring_task_test.dart: Recurring Task Integration Tests Task recurrence patterns are properly associated
✓ Monthly recurring task with due date displayed correctly
00:01 +5: C:/Code/TaskMaster/TaskMaster-Flutter/test/integration/sprint_test.dart: Sprint Integration Tests NewSprint form displays when no active sprint exists
00:01 +5: C:/Code/TaskMaster/TaskMaster-Flutter/test/integration/recurring_task_test.dart: Recurring Task Integration Tests Completing recurring task creates next iteration
✓ Completing recurring task creates next iteration with correct dates
00:01 +6: C:/Code/TaskMaster/TaskMaster-Flutter/test/integration/sprint_test.dart: Sprint Integration Tests NewSprint form displays when no active sprint exists
00:02 +7: C:/Code/TaskMaster/TaskMaster-Flutter/test/integration/task_completion_test.dart: Task Completion Integration Tests User can complete a task by tapping checkbox
00:02 +8: C:/Code/TaskMaster/TaskMaster-Flutter/test/integration/task_completion_test.dart: Task Completion Integration Tests User can complete a task by tapping checkbox
00:02 +9: C:/Code/TaskMaster/TaskMaster-Flutter/test/integration/task_completion_test.dart: Task Completion Integration Tests User can complete a task by tapping checkbox
00:02 +10: C:/Code/TaskMaster/TaskMaster-Flutter/test/integration/task_completion_test.dart: Task Completion Integration Tests User can complete a task by tapping checkbox
00:02 +11: C:/Code/TaskMaster/TaskMaster-Flutter/test/integration/task_completion_test.dart: Task Completion Integration Tests User can complete a task by tapping checkbox
00:03 +12: C:/Code/TaskMaster/TaskMaster-Flutter/test/integration/task_completion_test.dart: Task Completion Integration Tests User can complete a task by tapping checkbox
✓ User completed task via checkbox
00:03 +13: C:/Code/TaskMaster/TaskMaster-Flutter/test/integration/task_creation_test.dart: Task Creation Integration Tests User can create a task with just a name
00:03 +13: C:/Code/TaskMaster/TaskMaster-Flutter/test/integration/task_completion_test.dart: Task Completion Integration Tests Completed task checkbox shows checked state
✓ Completed task has correct state
00:03 +14: C:/Code/TaskMaster/TaskMaster-Flutter/test/integration/task_creation_test.dart: Task Creation Integration Tests User can create a task with just a name
00:03 +14: C:/Code/TaskMaster/TaskMaster-Flutter/test/integration/task_completion_test.dart: Task Completion Integration Tests User can complete multiple tasks
✓ User completed multiple tasks
00:03 +15: C:/Code/TaskMaster/TaskMaster-Flutter/test/integration/task_creation_test.dart: Task Creation Integration Tests User can create a task with just a name
00:03 +15: C:/Code/TaskMaster/TaskMaster-Flutter/test/integration/task_completion_test.dart: Task Completion Integration Tests Task can be uncompleted (state verification)
✓ Task uncompletion verified
00:03 +16: C:/Code/TaskMaster/TaskMaster-Flutter/test/integration/task_creation_test.dart: Task Creation Integration Tests User can create a task with just a name
✓ User created task with name only
00:05 +17: C:/Code/TaskMaster/TaskMaster-Flutter/test/integration/task_crud_test.dart: Task CRUD Integration Tests App displays empty task list when no tasks exist
✓ Empty task list displayed
00:05 +18: C:/Code/TaskMaster/TaskMaster-Flutter/test/integration/task_creation_test.dart: Task Creation Integration Tests User can create a task with name and description
00:05 +18: C:/Code/TaskMaster/TaskMaster-Flutter/test/integration/task_crud_test.dart: Task CRUD Integration Tests User can view existing tasks in the list
✓ Existing tasks displayed in list
00:05 +19: C:/Code/TaskMaster/TaskMaster-Flutter/test/integration/task_creation_test.dart: Task Creation Integration Tests User can create a task with name and description
00:05 +19: C:/Code/TaskMaster/TaskMaster-Flutter/test/integration/task_crud_test.dart: Task CRUD Integration Tests User can view multiple tasks
✓ Multiple tasks displayed correctly
00:05 +20: C:/Code/TaskMaster/TaskMaster-Flutter/test/integration/task_creation_test.dart: Task Creation Integration Tests User can create a task with name and description
00:05 +20: C:/Code/TaskMaster/TaskMaster-Flutter/test/integration/task_crud_test.dart: Task CRUD Integration Tests Tasks render with correct data structure
✓ Tasks rendered with correct data structure
00:05 +21: C:/Code/TaskMaster/TaskMaster-Flutter/test/integration/task_creation_test.dart: Task Creation Integration Tests User can create a task with name and description
00:05 +21: C:/Code/TaskMaster/TaskMaster-Flutter/test/integration/task_crud_test.dart: Task CRUD Integration Tests Tasks with due dates display due date info
✓ Task with due date displays date information
00:05 +22: C:/Code/TaskMaster/TaskMaster-Flutter/test/integration/task_creation_test.dart: Task Creation Integration Tests User can create a task with name and description
✓ User created task with name and description
00:05 +23: C:/Code/TaskMaster/TaskMaster-Flutter/test/integration/task_display_logic_test.dart: Task Display Logic Integration Tests Tasks with dueDate in past appear in Past Due group
00:06 +23: C:/Code/TaskMaster/TaskMaster-Flutter/test/integration/task_creation_test.dart: Task Creation Integration Tests User can create a task with name only (variant 2)
✓ User created task with name
00:06 +24: C:/Code/TaskMaster/TaskMaster-Flutter/test/integration/task_display_logic_test.dart: Task Display Logic Integration Tests Tasks with dueDate in past appear in Past Due group
✓ Past due task displays correctly
00:06 +25: C:/Code/TaskMaster/TaskMaster-Flutter/test/integration/task_creation_test.dart: Task Creation Integration Tests User can create multiple tasks
00:07 +25: C:/Code/TaskMaster/TaskMaster-Flutter/test/integration/task_display_logic_test.dart: Task Display Logic Integration Tests Tasks with urgentDate in past appear in Urgent group
✓ Urgent task displays correctly
00:07 +26: C:/Code/TaskMaster/TaskMaster-Flutter/test/integration/task_creation_test.dart: Task Creation Integration Tests User can create multiple tasks
00:07 +26: C:/Code/TaskMaster/TaskMaster-Flutter/test/integration/task_display_logic_test.dart: Task Display Logic Integration Tests Tasks with targetDate in past appear in Target group
✓ Target task displays correctly
00:07 +27: C:/Code/TaskMaster/TaskMaster-Flutter/test/integration/task_creation_test.dart: Task Creation Integration Tests User can create multiple tasks
00:07 +27: C:/Code/TaskMaster/TaskMaster-Flutter/test/integration/task_display_logic_test.dart: Task Display Logic Integration Tests Tasks with future startDate appear in Scheduled group
✓ Scheduled task is filtered correctly
00:07 +28: C:/Code/TaskMaster/TaskMaster-Flutter/test/integration/task_creation_test.dart: Task Creation Integration Tests User can create multiple tasks
00:07 +28: C:/Code/TaskMaster/TaskMaster-Flutter/test/integration/task_display_logic_test.dart: Task Display Logic Integration Tests Tasks with no special dates appear in Tasks group
✓ Normal task displays in default Tasks group
00:07 +29: C:/Code/TaskMaster/TaskMaster-Flutter/test/integration/task_creation_test.dart: Task Creation Integration Tests User can create multiple tasks
✓ User created multiple tasks
00:07 +30: C:/Code/TaskMaster/TaskMaster-Flutter/test/integration/task_editing_test.dart: Task Editing Integration Tests User can edit a task name
00:07 +30: C:/Code/TaskMaster/TaskMaster-Flutter/test/integration/task_display_logic_test.dart: Task Display Logic Integration Tests Tasks group in correct priority order
✓ Tasks from multiple groups display correctly
00:07 +31: C:/Code/TaskMaster/TaskMaster-Flutter/test/integration/task_editing_test.dart: Task Editing Integration Tests User can edit a task name
00:07 +31: C:/Code/TaskMaster/TaskMaster-Flutter/test/integration/task_display_logic_test.dart: Task Display Logic Integration Tests Task with multiple dates appears in highest priority group
✓ Task with multiple dates uses highest priority group
00:07 +32: C:/Code/TaskMaster/TaskMaster-Flutter/test/integration/task_editing_test.dart: Task Editing Integration Tests User can edit a task name
00:07 +32: C:/Code/TaskMaster/TaskMaster-Flutter/test/integration/task_display_logic_test.dart: Task Display Logic Integration Tests Completed tasks appear last and are filtered by default
✓ Completed tasks are filtered by default
00:07 +33: C:/Code/TaskMaster/TaskMaster-Flutter/test/integration/task_editing_test.dart: Task Editing Integration Tests User can edit a task name
00:07 +33: C:/Code/TaskMaster/TaskMaster-Flutter/test/integration/task_creation_test.dart: Task Creation Integration Tests User cannot save task without name (validation)
✓ User cannot save task without name
00:07 +34: C:/Code/TaskMaster/TaskMaster-Flutter/test/integration/task_editing_test.dart: Task Editing Integration Tests User can edit a task name
00:07 +34: C:/Code/TaskMaster/TaskMaster-Flutter/test/integration/task_display_logic_test.dart: Task Display Logic Integration Tests Tasks with project field group together
✓ Tasks with projects display correctly
00:07 +35: C:/Code/TaskMaster/TaskMaster-Flutter/test/integration/task_editing_test.dart: Task Editing Integration Tests User can edit a task name
00:07 +35: C:/Code/TaskMaster/TaskMaster-Flutter/test/integration/task_display_logic_test.dart: Task Display Logic Integration Tests Loading state displays correctly
✓ App handles loading state
00:07 +36: C:/Code/TaskMaster/TaskMaster-Flutter/test/integration/task_editing_test.dart: Task Editing Integration Tests User can edit a task name
00:07 +36: C:/Code/TaskMaster/TaskMaster-Flutter/test/integration/task_display_logic_test.dart: Task Display Logic Integration Tests Empty state displays "No eligible tasks found"
✓ Empty state displays correctly
00:07 +37: C:/Code/TaskMaster/TaskMaster-Flutter/test/integration/task_editing_test.dart: Task Editing Integration Tests User can edit a task name
00:08 +37: C:/Code/TaskMaster/TaskMaster-Flutter/test/integration/task_display_logic_test.dart: Task Display Logic Integration Tests Tasks with context field display correctly
✓ Task with context displays correctly
00:08 +38: C:/Code/TaskMaster/TaskMaster-Flutter/test/integration/task_editing_test.dart: Task Editing Integration Tests User can edit a task name
00:08 +38: C:/Code/TaskMaster/TaskMaster-Flutter/test/integration/task_display_logic_test.dart: Task Display Logic Integration Tests Tasks with description field display correctly
✓ Task with description displays correctly
00:08 +39: C:/Code/TaskMaster/TaskMaster-Flutter/test/integration/task_editing_test.dart: Task Editing Integration Tests User can edit a task name
00:08 +39: C:/Code/TaskMaster/TaskMaster-Flutter/test/integration/task_creation_test.dart: Task Creation Integration Tests User can cancel task creation
✓ User cancelled task creation
00:08 +40: C:/Code/TaskMaster/TaskMaster-Flutter/test/integration/task_editing_test.dart: Task Editing Integration Tests User can edit a task name
00:08 +40: C:/Code/TaskMaster/TaskMaster-Flutter/test/integration/task_display_logic_test.dart: Task Display Logic Integration Tests Tasks with all date fields display correctly
✓ Task with all date fields displays correctly
00:08 +41: C:/Code/TaskMaster/TaskMaster-Flutter/test/integration/task_editing_test.dart: Task Editing Integration Tests User can edit a task name
00:09 +41: C:/Code/TaskMaster/TaskMaster-Flutter/test/integration/task_filtering_test.dart: Task Filtering Integration Tests Active tasks display by default
✓ Active tasks display correctly
00:09 +41: C:/Code/TaskMaster/TaskMaster-Flutter/test/integration/task_editing_test.dart: Task Editing Integration Tests User can edit a task name
✓ User edited task name
00:09 +42: C:/Code/TaskMaster/TaskMaster-Flutter/test/integration/task_filtering_test.dart: Task Filtering Integration Tests Active tasks display by default
00:09 +43: C:/Code/TaskMaster/TaskMaster-Flutter/test/integration/task_editing_test.dart: Task Editing Integration Tests User can edit task description
00:09 +43: C:/Code/TaskMaster/TaskMaster-Flutter/test/integration/task_filtering_test.dart: Task Filtering Integration Tests Completed tasks are filtered by default
✓ Completed tasks are filtered by default
00:09 +44: C:/Code/TaskMaster/TaskMaster-Flutter/test/integration/task_editing_test.dart: Task Editing Integration Tests User can edit task description
00:09 +44: C:/Code/TaskMaster/TaskMaster-Flutter/test/integration/task_filtering_test.dart: Task Filtering Integration Tests Retired tasks are always hidden
✓ Retired tasks are always hidden
00:09 +45: C:/Code/TaskMaster/TaskMaster-Flutter/test/integration/task_editing_test.dart: Task Editing Integration Tests User can edit task description
00:09 +45: C:/Code/TaskMaster/TaskMaster-Flutter/test/integration/task_filtering_test.dart: Task Filtering Integration Tests Scheduled (future startDate) tasks are filtered by default
✓ Scheduled (future) tasks are filtered by default
00:09 +46: C:/Code/TaskMaster/TaskMaster-Flutter/test/integration/task_editing_test.dart: Task Editing Integration Tests User can edit task description
00:10 +46: C:/Code/TaskMaster/TaskMaster-Flutter/test/integration/task_filtering_test.dart: Task Filtering Integration Tests Tasks with past startDate display normally
✓ Tasks with past startDate display normally
00:10 +47: C:/Code/TaskMaster/TaskMaster-Flutter/test/integration/task_editing_test.dart: Task Editing Integration Tests User can edit task description
00:10 +47: C:/Code/TaskMaster/TaskMaster-Flutter/test/integration/task_filtering_test.dart: Task Filtering Integration Tests Multiple filter conditions work together
✓ Multiple filter conditions work together correctly
00:10 +48: C:/Code/TaskMaster/TaskMaster-Flutter/test/integration/task_editing_test.dart: Task Editing Integration Tests User can edit task description
00:10 +48: C:/Code/TaskMaster/TaskMaster-Flutter/test/integration/task_filtering_test.dart: Task Filtering Integration Tests Tasks with various date fields display correctly
✓ Tasks with various date fields display correctly
00:10 +49: C:/Code/TaskMaster/TaskMaster-Flutter/test/integration/task_editing_test.dart: Task Editing Integration Tests User can edit task description
✓ User edited task description
00:10 +50: C:/Code/TaskMaster/TaskMaster-Flutter/test/integration/task_filtering_test.dart: Task Filtering Integration Tests Empty task list displays correctly
✓ Empty task list displays correctly
00:10 +51: C:/Code/TaskMaster/TaskMaster-Flutter/test/integration/task_editing_test.dart: Task Editing Integration Tests User can edit task name and description together
00:10 +51: C:/Code/TaskMaster/TaskMaster-Flutter/test/integration/task_filtering_test.dart: Task Filtering Integration Tests OffCycle tasks are not filtered out
✓ OffCycle tasks are not filtered out
00:10 +52: C:/Code/TaskMaster/TaskMaster-Flutter/test/integration/task_editing_test.dart: Task Editing Integration Tests User can edit task name and description together
00:10 +53: C:/Code/TaskMaster/TaskMaster-Flutter/test/integration/task_editing_test.dart: Task Editing Integration Tests User can edit task name and description together
00:10 +54: C:/Code/TaskMaster/TaskMaster-Flutter/test/integration/task_editing_test.dart: Task Editing Integration Tests User can edit task name and description together
00:10 +55: C:/Code/TaskMaster/TaskMaster-Flutter/test/integration/task_editing_test.dart: Task Editing Integration Tests User can edit task name and description together
00:10 +56: C:/Code/TaskMaster/TaskMaster-Flutter/test/integration/task_editing_test.dart: Task Editing Integration Tests User can edit task name and description together
00:10 +57: C:/Code/TaskMaster/TaskMaster-Flutter/test/integration/task_editing_test.dart: Task Editing Integration Tests User can edit task name and description together
00:10 +58: C:/Code/TaskMaster/TaskMaster-Flutter/test/integration/task_editing_test.dart: Task Editing Integration Tests User can edit task name and description together
00:10 +59: C:/Code/TaskMaster/TaskMaster-Flutter/test/integration/task_editing_test.dart: Task Editing Integration Tests User can edit task name and description together
00:10 +60: C:/Code/TaskMaster/TaskMaster-Flutter/test/integration/task_editing_test.dart: Task Editing Integration Tests User can edit task name and description together
00:10 +61: C:/Code/TaskMaster/TaskMaster-Flutter/test/integration/task_editing_test.dart: Task Editing Integration Tests User can edit task name and description together
00:10 +62: C:/Code/TaskMaster/TaskMaster-Flutter/test/integration/task_editing_test.dart: Task Editing Integration Tests User can edit task name and description together
00:10 +63: C:/Code/TaskMaster/TaskMaster-Flutter/test/integration/task_editing_test.dart: Task Editing Integration Tests User can edit task name and description together
00:10 +64: C:/Code/TaskMaster/TaskMaster-Flutter/test/integration/task_editing_test.dart: Task Editing Integration Tests User can edit task name and description together
00:10 +65: C:/Code/TaskMaster/TaskMaster-Flutter/test/integration/task_editing_test.dart: Task Editing Integration Tests User can edit task name and description together
00:10 +66: C:/Code/TaskMaster/TaskMaster-Flutter/test/integration/task_editing_test.dart: Task Editing Integration Tests User can edit task name and description together
00:10 +67: C:/Code/TaskMaster/TaskMaster-Flutter/test/integration/task_editing_test.dart: Task Editing Integration Tests User can edit task name and description together
00:10 +68: C:/Code/TaskMaster/TaskMaster-Flutter/test/integration/task_editing_test.dart: Task Editing Integration Tests User can edit task name and description together
✓ User edited task name and description together
00:11 +69: C:/Code/TaskMaster/TaskMaster-Flutter/test/integration/task_filtering_test.dart: Task Filtering Interactive Toggle Tests Toggling showCompleted filter shows/hides completed tasks
✓ Toggling showCompleted filter shows/hides completed tasks
00:11 +70: C:/Code/TaskMaster/TaskMaster-Flutter/test/integration/task_editing_test.dart: Task Editing Integration Tests User can cancel task editing
00:11 +70: C:/Code/TaskMaster/TaskMaster-Flutter/test/integration/task_filtering_test.dart: Task Filtering Interactive Toggle Tests Toggling showScheduled filter shows/hides scheduled tasks
✓ Toggling showScheduled filter shows/hides scheduled tasks
00:11 +71: C:/Code/TaskMaster/TaskMaster-Flutter/test/integration/task_editing_test.dart: Task Editing Integration Tests User can cancel task editing
✓ User cancelled task editing
00:11 +72: C:/Code/TaskMaster/TaskMaster-Flutter/test/integration/task_filtering_test.dart: Task Filtering Interactive Toggle Tests Both filters can be toggled independently
00:11 +73: C:/Code/TaskMaster/TaskMaster-Flutter/test/integration/task_filtering_test.dart: Task Filtering Interactive Toggle Tests Both filters can be toggled independently
✓ Both filters can be toggled independently
00:11 +74: C:/Code/TaskMaster/TaskMaster-Flutter/test/integration/task_editing_test.dart: Task Editing Integration Tests User can edit multiple tasks sequentially
00:12 +74: C:/Code/TaskMaster/TaskMaster-Flutter/test/notification_helper_test.dart: updateNotificationForTask first add
Scheduled notification for Hunter Birthday (due 1 day) on Nov 18 at 11:55 AM
Scheduled notification for Hunter Birthday (due 2 hours) on Nov 19 at 9:55 AM
Scheduled notification for Hunter Birthday (due) on Nov 19 at 11:55 AM
00:12 +75: C:/Code/TaskMaster/TaskMaster-Flutter/test/integration/task_editing_test.dart: Task Editing Integration Tests User can edit multiple tasks sequentially
00:12 +76: C:/Code/TaskMaster/TaskMaster-Flutter/test/integration/task_editing_test.dart: Task Editing Integration Tests User can edit multiple tasks sequentially
00:12 +77: C:/Code/TaskMaster/TaskMaster-Flutter/test/integration/task_editing_test.dart: Task Editing Integration Tests User can edit multiple tasks sequentially
00:12 +77: C:/Code/TaskMaster/TaskMaster-Flutter/test/notification_helper_test.dart: updateNotificationForTask adds five notifications for urgent and due date
Scheduled notification for Give a Penny (due 1 day) on Nov 2 at 11:55 AM
Scheduled notification for Give a Penny (due 2 hours) on Nov 3 at 9:55 AM
Scheduled notification for Give a Penny (due) on Nov 3 at 11:55 AM
Scheduled notification for Give a Penny (urgent 2 hours) on Nov 1 at 10:55 AM
Scheduled notification for Give a Penny (urgent) on Nov 1 at 12:55 PM
00:12 +78: C:/Code/TaskMaster/TaskMaster-Flutter/test/integration/task_editing_test.dart: Task Editing Integration Tests User can edit multiple tasks sequentially
00:12 +78: C:/Code/TaskMaster/TaskMaster-Flutter/test/notification_helper_test.dart: updateNotificationForTask adds three notification for past urgent and future due date
Scheduled notification for Eat a Penny (due 1 day) on Nov 5 at 11:55 AM
Scheduled notification for Eat a Penny (due 2 hours) on Nov 6 at 9:55 AM
Scheduled notification for Eat a Penny (due) on Nov 6 at 11:55 AM
00:12 +79: C:/Code/TaskMaster/TaskMaster-Flutter/test/integration/task_editing_test.dart: Task Editing Integration Tests User can edit multiple tasks sequentially
00:12 +79: C:/Code/TaskMaster/TaskMaster-Flutter/test/notification_helper_test.dart: updateNotificationForTask replaces old due notification
Scheduled notification for Barf a Penny (due 1 day) on Nov 2 at 11:55 AM
Scheduled notification for Barf a Penny (due 2 hours) on Nov 3 at 9:55 AM
Scheduled notification for Barf a Penny (due) on Nov 3 at 11:55 AM
Replaced notification for Barf a Penny (due 1 day) on Nov 6 at 11:55 AM
Replaced notification for Barf a Penny (due 2 hours) on Nov 7 at 9:55 AM
Replaced notification for Barf a Penny (due) on Nov 7 at 11:55 AM
00:12 +80: C:/Code/TaskMaster/TaskMaster-Flutter/test/integration/task_editing_test.dart: Task Editing Integration Tests User can edit multiple tasks sequentially
00:12 +80: C:/Code/TaskMaster/TaskMaster-Flutter/test/notification_helper_test.dart: updateNotificationForTask removes old due notification if due date moved back
Scheduled notification for Barf a Penny (due 1 day) on Nov 2 at 11:55 AM
Scheduled notification for Barf a Penny (due 2 hours) on Nov 3 at 9:55 AM
Scheduled notification for Barf a Penny (due) on Nov 3 at 11:55 AM
Notification removed for Barf a Penny (due 1 day)
Notification removed for Barf a Penny (due 2 hours)
Notification removed for Barf a Penny (due)
00:12 +81: C:/Code/TaskMaster/TaskMaster-Flutter/test/integration/task_editing_test.dart: Task Editing Integration Tests User can edit multiple tasks sequentially
00:12 +81: C:/Code/TaskMaster/TaskMaster-Flutter/test/notification_helper_test.dart: updateNotificationForTask replaces old urgent and due notifications
Scheduled notification for Give a Penny (due 1 day) on Nov 2 at 11:55 AM
Scheduled notification for Give a Penny (due 2 hours) on Nov 3 at 9:55 AM
Scheduled notification for Give a Penny (due) on Nov 3 at 11:55 AM
Scheduled notification for Give a Penny (urgent 2 hours) on Nov 1 at 10:55 AM
Scheduled notification for Give a Penny (urgent) on Nov 1 at 12:55 PM
Replaced notification for Give a Penny (due 1 day) on Nov 10 at 11:55 AM
Replaced notification for Give a Penny (due 2 hours) on Nov 11 at 9:55 AM
Replaced notification for Give a Penny (due) on Nov 11 at 11:55 AM
Replaced notification for Give a Penny (urgent 2 hours) on Nov 3 at 9:55 AM
Replaced notification for Give a Penny (urgent) on Nov 3 at 11:55 AM
00:12 +82: C:/Code/TaskMaster/TaskMaster-Flutter/test/integration/task_editing_test.dart: Task Editing Integration Tests User can edit multiple tasks sequentially
00:12 +82: C:/Code/TaskMaster/TaskMaster-Flutter/test/notification_helper_test.dart: cancelNotificationsForTaskId cancels due notification
Scheduled notification for Barf a Penny (due 1 day) on Nov 2 at 11:55 AM
Scheduled notification for Barf a Penny (due 2 hours) on Nov 3 at 9:55 AM
Scheduled notification for Barf a Penny (due) on Nov 3 at 11:55 AM
Removing task: task:30:dueOneDay
Removing task: task:30:dueTwoHours
Removing task: task:30:due
00:12 +83: C:/Code/TaskMaster/TaskMaster-Flutter/test/integration/task_editing_test.dart: Task Editing Integration Tests User can edit multiple tasks sequentially
00:12 +83: C:/Code/TaskMaster/TaskMaster-Flutter/test/notification_helper_test.dart: cancelNotificationsForTaskId cancels both urgent and due
Scheduled notification for Give a Penny (due 1 day) on Nov 2 at 11:55 AM
Scheduled notification for Give a Penny (due 2 hours) on Nov 3 at 9:55 AM
Scheduled notification for Give a Penny (due) on Nov 3 at 11:55 AM
Scheduled notification for Give a Penny (urgent 2 hours) on Nov 1 at 10:55 AM
Scheduled notification for Give a Penny (urgent) on Nov 1 at 12:55 PM
Removing task: task:31:dueOneDay
Removing task: task:31:dueTwoHours
Removing task: task:31:due
Removing task: task:31:urgentTwoHours
Removing task: task:31:urgent
00:12 +84: C:/Code/TaskMaster/TaskMaster-Flutter/test/integration/task_editing_test.dart: Task Editing Integration Tests User can edit multiple tasks sequentially
00:12 +84: C:/Code/TaskMaster/TaskMaster-Flutter/test/notification_helper_test.dart: cancelAllNotifications
Scheduled notification for Give a Penny (due 1 day) on Nov 2 at 11:55 AM
Scheduled notification for Hunter Birthday (due 1 day) on Nov 18 at 11:55 AM
Scheduled notification for Give a Penny (due 2 hours) on Nov 3 at 9:55 AM
Scheduled notification for Hunter Birthday (due 2 hours) on Nov 19 at 9:55 AM
Scheduled notification for Give a Penny (due) on Nov 3 at 11:55 AM
Scheduled notification for Hunter Birthday (due) on Nov 19 at 11:55 AM
Scheduled notification for Give a Penny (urgent 2 hours) on Nov 1 at 10:55 AM
Scheduled notification for Give a Penny (urgent) on Nov 1 at 12:55 PM
Canceling all existing notifications and rebuilding...
00:12 +85: C:/Code/TaskMaster/TaskMaster-Flutter/test/integration/task_editing_test.dart: Task Editing Integration Tests User can edit multiple tasks sequentially
00:12 +85: C:/Code/TaskMaster/TaskMaster-Flutter/test/integration/task_filtering_test.dart: Task Filtering Interactive Toggle Tests Filter state persists across filter toggles
✓ Filter state persists across filter toggles
00:12 +86: C:/Code/TaskMaster/TaskMaster-Flutter/test/integration/task_editing_test.dart: Task Editing Integration Tests User can edit multiple tasks sequentially
test/task_helper_test.mocks.dart:257:3: Error: The method 'MockTaskRepository.createListener' has fewer named arguments than those of overridden method 'TaskRepository.createListener'.
  createListener<T, S>({
  ^
lib/task_repository.dart:42:172: Context: This is the overridden method ('createListener').
  ({StreamSubscription<QuerySnapshot<Map<String, dynamic>>> mainListener, Map<String, StreamSubscription<QuerySnapshot<Map<String, dynamic>>>> sprintAssignmentListeners}) createListener<T, S>({
                                                                                          ^
test/task_helper_test.mocks.dart:257:3: Error: The method 'MockTaskRepository.createListener' doesn't have the named parameter 'onError' of overridden method 'TaskRepository.createListener'.
  createListener<T, S>({
  ^
lib/task_repository.dart:42:172: Context: This is the overridden method ('createListener').
  ({StreamSubscription<QuerySnapshot<Map<String, dynamic>>> mainListener, Map<String, StreamSubscription<QuerySnapshot<Map<String, dynamic>>>> sprintAssignmentListeners}) createListener<T, S>({
                                                                                          ^
00:12 +86 -1: loading C:/Code/TaskMaster/TaskMaster-Flutter/test/recurrence_helper_test.dart [E]
  Failed to load "C:/Code/TaskMaster/TaskMaster-Flutter/test/recurrence_helper_test.dart":
  Compilation failed for testPath=C:/Code/TaskMaster/TaskMaster-Flutter/test/recurrence_helper_test.dart: test/task_helper_test.mocks.dart:257:3: Error: The method 'MockTaskRepository.createListener' has fewer named arguments than those of overridden method 'TaskRepository.createListener'.
    createListener<T, S>({
    ^
  lib/task_repository.dart:42:172: Context: This is the overridden method ('createListener').
    ({StreamSubscription<QuerySnapshot<Map<String, dynamic>>> mainListener, Map<String, StreamSubscription<QuerySnapshot<Map<String, dynamic>>>> sprintAssignmentListeners}) createListener<T, S>({
                                                                                                                                                                             ^
  test/task_helper_test.mocks.dart:257:3: Error: The method 'MockTaskRepository.createListener' doesn't have the named parameter 'onError' of overridden method 'TaskRepository.createListener'.
    createListener<T, S>({
    ^
  lib/task_repository.dart:42:172: Context: This is the overridden method ('createListener').
    ({StreamSubscription<QuerySnapshot<Map<String, dynamic>>> mainListener, Map<String, StreamSubscription<QuerySnapshot<Map<String, dynamic>>>> sprintAssignmentListeners}) createListener<T, S>({
                                                                                                                                                                             ^
  .
00:13 +86 -1: C:/Code/TaskMaster/TaskMaster-Flutter/test/integration/task_editing_test.dart: Task Editing Integration Tests User can edit multiple tasks sequentially
✓ User edited multiple tasks sequentially
00:15 +87 -1: C:/Code/TaskMaster/TaskMaster-Flutter/test/snooze_test.dart: to json
00:15 +88 -1: C:/Code/TaskMaster/TaskMaster-Flutter/test/snooze_test.dart: from json
test/task_helper_test.mocks.dart:257:3: Error: The method 'MockTaskRepository.createListener' has fewer named arguments than those of overridden method 'TaskRepository.createListener'.
  createListener<T, S>({
  ^
lib/task_repository.dart:42:172: Context: This is the overridden method ('createListener').
  ({StreamSubscription<QuerySnapshot<Map<String, dynamic>>> mainListener, Map<String, StreamSubscription<QuerySnapshot<Map<String, dynamic>>>> sprintAssignmentListeners}) createListener<T, S>({
                                                                                          ^
test/task_helper_test.mocks.dart:257:3: Error: The method 'MockTaskRepository.createListener' doesn't have the named parameter 'onError' of overridden method 'TaskRepository.createListener'.
  createListener<T, S>({
  ^
lib/task_repository.dart:42:172: Context: This is the overridden method ('createListener').
  ({StreamSubscription<QuerySnapshot<Map<String, dynamic>>> mainListener, Map<String, StreamSubscription<QuerySnapshot<Map<String, dynamic>>>> sprintAssignmentListeners}) createListener<T, S>({
                                                                                          ^
test/task_helper_test.dart:130:19: Error: Too few positional arguments: 3 required, 2 given.
    await loadData(taskRepository, mockGlobalKey)(store, LoadDataAction(), (_) => {});
                  ^
lib/redux/middleware/store_task_items_middleware.dart:116:7: Context: Found this candidate, but the arguments don't match.
    ) loadData(TaskRepository repository, GlobalKey<NavigatorState> navigatorKey, Function(dynamic)? onFirestoreError) {
      ^^^^^^^^
00:16 +89 -2: loading C:/Code/TaskMaster/TaskMaster-Flutter/test/task_helper_test.dart [E]
  Failed to load "C:/Code/TaskMaster/TaskMaster-Flutter/test/task_helper_test.dart":
  Compilation failed for testPath=C:/Code/TaskMaster/TaskMaster-Flutter/test/task_helper_test.dart: test/task_helper_test.mocks.dart:257:3: Error: The method 'MockTaskRepository.createListener' has fewer named arguments than those of overridden method 'TaskRepository.createListener'.
    createListener<T, S>({
    ^
  lib/task_repository.dart:42:172: Context: This is the overridden method ('createListener').
    ({StreamSubscription<QuerySnapshot<Map<String, dynamic>>> mainListener, Map<String, StreamSubscription<QuerySnapshot<Map<String, dynamic>>>> sprintAssignmentListeners}) createListener<T, S>({
                                                                                                                                                                             ^
  test/task_helper_test.mocks.dart:257:3: Error: The method 'MockTaskRepository.createListener' doesn't have the named parameter 'onError' of overridden method 'TaskRepository.createListener'.
    createListener<T, S>({
    ^
  lib/task_repository.dart:42:172: Context: This is the overridden method ('createListener').
    ({StreamSubscription<QuerySnapshot<Map<String, dynamic>>> mainListener, Map<String, StreamSubscription<QuerySnapshot<Map<String, dynamic>>>> sprintAssignmentListeners}) createListener<T, S>({
                                                                                                                                                                             ^
  test/task_helper_test.dart:130:19: Error: Too few positional arguments: 3 required, 2 given.
      await loadData(taskRepository, mockGlobalKey)(store, LoadDataAction(), (_) => {});
                    ^
  lib/redux/middleware/store_task_items_middleware.dart:116:7: Context: Found this candidate, but the arguments don't match.
      ) loadData(TaskRepository repository, GlobalKey<NavigatorState> navigatorKey, Function(dynamic)? onFirestoreError) {
        ^^^^^^^^
  .
00:19 +89 -2: C:/Code/TaskMaster/TaskMaster-Flutter/test/widget/add_edit_screen_test.dart: AddEditScreen Widget Tests Displays "Task Details" title in AppBar
00:20 +90 -2: C:/Code/TaskMaster/TaskMaster-Flutter/test/widget/clearable_date_time_field_test.dart: ClearableDateTimeField Tests Displays label text
00:21 +91 -2: C:/Code/TaskMaster/TaskMaster-Flutter/test/widget/clearable_date_time_field_test.dart: ClearableDateTimeField Tests Displays label text
00:21 +92 -2: C:/Code/TaskMaster/TaskMaster-Flutter/test/widget/clearable_date_time_field_test.dart: ClearableDateTimeField Tests Displays label text
00:21 +93 -2: C:/Code/TaskMaster/TaskMaster-Flutter/test/widget/add_edit_screen_test.dart: AddEditScreen Widget Tests Save button not visible when form is empty
00:21 +94 -2: C:/Code/TaskMaster/TaskMaster-Flutter/test/widget/clearable_date_time_field_test.dart: ClearableDateTimeField Tests Displays empty field when date is null
00:21 +95 -2: C:/Code/TaskMaster/TaskMaster-Flutter/test/widget/add_edit_screen_test.dart: AddEditScreen Widget Tests Save button appears after entering task name
00:21 +96 -2: C:/Code/TaskMaster/TaskMaster-Flutter/test/widget/add_edit_screen_test.dart: AddEditScreen Widget Tests Save button appears after entering task name
00:21 +97 -2: C:/Code/TaskMaster/TaskMaster-Flutter/test/widget/add_edit_screen_test.dart: AddEditScreen Widget Tests Save button appears after entering task name
00:22 +98 -2: C:/Code/TaskMaster/TaskMaster-Flutter/test/widget/clearable_date_time_field_test.dart: ClearableDateTimeField Tests Tapping field triggers date picker
00:22 +99 -2: C:/Code/TaskMaster/TaskMaster-Flutter/test/widget/clearable_date_time_field_test.dart: ClearableDateTimeField Tests Tapping field triggers date picker
00:22 +100 -2: C:/Code/TaskMaster/TaskMaster-Flutter/test/widget/clearable_date_time_field_test.dart: ClearableDateTimeField Tests Tapping field triggers date picker
00:22 +101 -2: C:/Code/TaskMaster/TaskMaster-Flutter/test/widget/delayed_checkbox_widget_test.dart: DelayedCheckbox Tests Displays inactive state with default icon
00:22 +102 -2: C:/Code/TaskMaster/TaskMaster-Flutter/test/widget/add_edit_screen_test.dart: AddEditScreen Widget Tests Project dropdown shows all project options
00:22 +103 -2: C:/Code/TaskMaster/TaskMaster-Flutter/test/widget/add_edit_screen_test.dart: AddEditScreen Widget Tests Project dropdown shows all project options
00:22 +104 -2: C:/Code/TaskMaster/TaskMaster-Flutter/test/widget/add_edit_screen_test.dart: AddEditScreen Widget Tests Project dropdown shows all project options
00:22 +105 -2: C:/Code/TaskMaster/TaskMaster-Flutter/test/widget/add_edit_screen_test.dart: AddEditScreen Widget Tests Project dropdown shows all project options
00:22 +106 -2: C:/Code/TaskMaster/TaskMaster-Flutter/test/widget/add_edit_screen_test.dart: AddEditScreen Widget Tests Project dropdown shows all project options
00:22 +107 -2: C:/Code/TaskMaster/TaskMaster-Flutter/test/widget/add_edit_screen_test.dart: AddEditScreen Widget Tests Project dropdown shows all project options
00:22 +108 -2: C:/Code/TaskMaster/TaskMaster-Flutter/test/widget/add_edit_screen_test.dart: AddEditScreen Widget Tests Project dropdown shows all project options
00:22 +109 -2: C:/Code/TaskMaster/TaskMaster-Flutter/test/widget/add_edit_screen_test.dart: AddEditScreen Widget Tests Project dropdown shows all project options
00:22 +110 -2: C:/Code/TaskMaster/TaskMaster-Flutter/test/widget/clearable_date_time_field_test.dart: ClearableDateTimeField Tests Calls dateSetter when date is selected
00:22 +111 -2: C:/Code/TaskMaster/TaskMaster-Flutter/test/widget/clearable_date_time_field_test.dart: ClearableDateTimeField Tests Calls dateSetter when date is selected
00:23 +112 -2: C:/Code/TaskMaster/TaskMaster-Flutter/test/widget/add_edit_screen_test.dart: AddEditScreen Widget Tests Context dropdown shows all context options
00:23 +113 -2: C:/Code/TaskMaster/TaskMaster-Flutter/test/widget/add_edit_screen_test.dart: AddEditScreen Widget Tests Context dropdown shows all context options
00:23 +114 -2: C:/Code/TaskMaster/TaskMaster-Flutter/test/widget/add_edit_screen_test.dart: AddEditScreen Widget Tests Context dropdown shows all context options
00:23 +115 -2: C:/Code/TaskMaster/TaskMaster-Flutter/test/widget/add_edit_screen_test.dart: AddEditScreen Widget Tests Context dropdown shows all context options
00:23 +116 -2: C:/Code/TaskMaster/TaskMaster-Flutter/test/widget/clearable_date_time_field_test.dart: ClearableDateTimeField Tests Canceling date picker does not call dateSetter
00:23 +117 -2: C:/Code/TaskMaster/TaskMaster-Flutter/test/widget/add_edit_screen_test.dart: AddEditScreen Widget Tests Form has correct validation mode
00:23 +118 -2: C:/Code/TaskMaster/TaskMaster-Flutter/test/widget/clearable_date_time_field_test.dart: ClearableDateTimeField Tests Uses initialPickerGetter for initial date in picker
00:23 +119 -2: C:/Code/TaskMaster/TaskMaster-Flutter/test/widget/details_screen_test.dart: DetailsScreen Widget Tests Displays "Task Item Details" title in AppBar
00:23 +120 -2: C:/Code/TaskMaster/TaskMaster-Flutter/test/widget/details_screen_test.dart: DetailsScreen Widget Tests Displays "Task Item Details" title in AppBar
00:23 +121 -2: C:/Code/TaskMaster/TaskMaster-Flutter/test/widget/details_screen_test.dart: DetailsScreen Widget Tests Displays "Task Item Details" title in AppBar
00:24 +122 -2: C:/Code/TaskMaster/TaskMaster-Flutter/test/widget/details_screen_test.dart: DetailsScreen Widget Tests Displays "Task Item Details" title in AppBar
00:24 +123 -2: C:/Code/TaskMaster/TaskMaster-Flutter/test/widget/details_screen_test.dart: DetailsScreen Widget Tests Displays "Task Item Details" title in AppBar
00:24 +124 -2: C:/Code/TaskMaster/TaskMaster-Flutter/test/widget/details_screen_test.dart: DetailsScreen Widget Tests Displays "Task Item Details" title in AppBar
00:24 +125 -2: C:/Code/TaskMaster/TaskMaster-Flutter/test/widget/details_screen_test.dart: DetailsScreen Widget Tests Displays delete button in AppBar
00:24 +126 -2: C:/Code/TaskMaster/TaskMaster-Flutter/test/widget/details_screen_test.dart: DetailsScreen Widget Tests Displays edit FAB
00:24 +127 -2: C:/Code/TaskMaster/TaskMaster-Flutter/test/widget/details_screen_test.dart: DetailsScreen Widget Tests Displays task name as headline
00:24 +128 -2: C:/Code/TaskMaster/TaskMaster-Flutter/test/widget/details_screen_test.dart: DetailsScreen Widget Tests Displays ReadOnlyTaskField widgets
00:24 +129 -2: C:/Code/TaskMaster/TaskMaster-Flutter/test/widget/details_screen_test.dart: DetailsScreen Widget Tests Displays task with all fields populated
00:25 +130 -2: C:/Code/TaskMaster/TaskMaster-Flutter/test/widget/details_screen_test.dart: DetailsScreen Widget Tests Displays task with minimal fields
00:25 +131 -2: C:/Code/TaskMaster/TaskMaster-Flutter/test/widget/details_screen_test.dart: DetailsScreen Widget Tests Displays recurrence info for recurring task
00:25 +132 -2: C:/Code/TaskMaster/TaskMaster-Flutter/test/widget/details_screen_test.dart: DetailsScreen Widget Tests Displays "No recurrence" for non-recurring task
00:25 +133 -2: C:/Code/TaskMaster/TaskMaster-Flutter/test/widget/editable_task_field_widget_test.dart: EditableTaskField Tests Displays text field with label
00:25 +134 -2: C:/Code/TaskMaster/TaskMaster-Flutter/test/widget/editable_task_field_widget_test.dart: EditableTaskField Tests Displays text field with label
00:25 +135 -2: C:/Code/TaskMaster/TaskMaster-Flutter/test/widget/editable_task_field_widget_test.dart: EditableTaskField Tests Displays text field with label
00:25 +136 -2: C:/Code/TaskMaster/TaskMaster-Flutter/test/widget/editable_task_field_widget_test.dart: EditableTaskField Tests Displays text field with label
00:26 +137 -2: C:/Code/TaskMaster/TaskMaster-Flutter/test/widget/editable_task_field_widget_test.dart: EditableTaskField Tests Displays initial text when provided
00:26 +138 -2: C:/Code/TaskMaster/TaskMaster-Flutter/test/widget/editable_task_field_widget_test.dart: EditableTaskField Tests Accepts user text input
00:26 +139 -2: C:/Code/TaskMaster/TaskMaster-Flutter/test/widget/editable_task_field_widget_test.dart: EditableTaskField Tests Triggers onChanged callback when text changes
00:26 +140 -2: C:/Code/TaskMaster/TaskMaster-Flutter/test/widget/editable_task_field_widget_test.dart: EditableTaskField Tests Triggers fieldSetter when form is saved
00:26 +141 -2: C:/Code/TaskMaster/TaskMaster-Flutter/test/widget/editable_task_item_widget_test.dart: EditableTaskItemWidget Tests Displays task name
00:26 +142 -2: C:/Code/TaskMaster/TaskMaster-Flutter/test/widget/editable_task_item_widget_test.dart: EditableTaskItemWidget Tests Displays task name
00:26 +143 -2: C:/Code/TaskMaster/TaskMaster-Flutter/test/widget/editable_task_item_widget_test.dart: EditableTaskItemWidget Tests Displays task name
00:26 +144 -2: C:/Code/TaskMaster/TaskMaster-Flutter/test/widget/editable_task_item_widget_test.dart: EditableTaskItemWidget Tests Displays task name
00:26 +145 -2: C:/Code/TaskMaster/TaskMaster-Flutter/test/widget/editable_task_item_widget_test.dart: EditableTaskItemWidget Tests Displays task name
00:26 +146 -2: C:/Code/TaskMaster/TaskMaster-Flutter/test/widget/editable_task_item_widget_test.dart: EditableTaskItemWidget Tests Displays task name
00:26 +147 -2: C:/Code/TaskMaster/TaskMaster-Flutter/test/widget/editable_task_item_widget_test.dart: EditableTaskItemWidget Tests Displays task name
00:26 +148 -2: C:/Code/TaskMaster/TaskMaster-Flutter/test/widget/editable_task_item_widget_test.dart: EditableTaskItemWidget Tests Displays task name
00:27 +149 -2: C:/Code/TaskMaster/TaskMaster-Flutter/test/widget/editable_task_item_widget_test.dart: EditableTaskItemWidget Tests Displays task name
00:27 +150 -2: C:/Code/TaskMaster/TaskMaster-Flutter/test/widget/editable_task_item_widget_test.dart: EditableTaskItemWidget Tests Displays task name
00:27 +151 -2: C:/Code/TaskMaster/TaskMaster-Flutter/test/widget/editable_task_item_widget_test.dart: EditableTaskItemWidget Tests Displays project field when present
00:27 +152 -2: C:/Code/TaskMaster/TaskMaster-Flutter/test/widget/editable_task_item_widget_test.dart: EditableTaskItemWidget Tests Hides project field when not present
00:27 +153 -2: C:/Code/TaskMaster/TaskMaster-Flutter/test/widget/editable_task_item_widget_test.dart: EditableTaskItemWidget Tests Shows sprint icon when highlightSprint is true
00:27 +154 -2: C:/Code/TaskMaster/TaskMaster-Flutter/test/widget/editable_task_item_widget_test.dart: EditableTaskItemWidget Tests Hides sprint icon when highlightSprint is false
00:27 +155 -2: C:/Code/TaskMaster/TaskMaster-Flutter/test/widget/editable_task_item_widget_test.dart: EditableTaskItemWidget Tests Displays due date warning for past due tasks
00:27 +156 -2: C:/Code/TaskMaster/TaskMaster-Flutter/test/widget/editable_task_item_widget_test.dart: EditableTaskItemWidget Tests Displays urgent date warning for urgent tasks
00:27 +157 -2: C:/Code/TaskMaster/TaskMaster-Flutter/test/widget/editable_task_item_widget_test.dart: EditableTaskItemWidget Tests Displays target date warning for target tasks
00:27 +158 -2: C:/Code/TaskMaster/TaskMaster-Flutter/test/widget/editable_task_item_widget_test.dart: EditableTaskItemWidget Tests Displays completed date for completed tasks
00:27 +159 -2: C:/Code/TaskMaster/TaskMaster-Flutter/test/widget/editable_task_item_widget_test.dart: EditableTaskItemWidget Tests Task with no dates shows no date warnings
00:27 +160 -2: C:/Code/TaskMaster/TaskMaster-Flutter/test/widget/editable_task_item_widget_test.dart: EditableTaskItemWidget Tests Task card is wrapped in Dismissible widget
00:27 +161 -2: C:/Code/TaskMaster/TaskMaster-Flutter/test/widget/editable_task_item_widget_test.dart: EditableTaskItemWidget Tests Task card is tappable via GestureDetector
00:27 +162 -2: C:/Code/TaskMaster/TaskMaster-Flutter/test/widget/filter_button_widget_test.dart: FilterButton Tests Displays filter icon button
00:27 +163 -2: C:/Code/TaskMaster/TaskMaster-Flutter/test/widget/filter_button_widget_test.dart: FilterButton Tests Displays filter icon button
00:28 +164 -2: C:/Code/TaskMaster/TaskMaster-Flutter/test/widget/filter_button_widget_test.dart: FilterButton Tests Shows popup menu when tapped
00:28 +165 -2: C:/Code/TaskMaster/TaskMaster-Flutter/test/widget/heading_item_widget_test.dart: HeadingItem Tests Displays heading text
00:28 +166 -2: C:/Code/TaskMaster/TaskMaster-Flutter/test/widget/heading_item_widget_test.dart: HeadingItem Tests Displays heading text
00:28 +167 -2: C:/Code/TaskMaster/TaskMaster-Flutter/test/widget/heading_item_widget_test.dart: HeadingItem Tests Displays heading text
00:28 +168 -2: C:/Code/TaskMaster/TaskMaster-Flutter/test/widget/heading_item_widget_test.dart: HeadingItem Tests Displays heading text
00:29 +169 -2: C:/Code/TaskMaster/TaskMaster-Flutter/test/widget/heading_item_widget_test.dart: HeadingItem Tests Displays heading text
00:29 +170 -2: C:/Code/TaskMaster/TaskMaster-Flutter/test/widget/filter_button_widget_test.dart: FilterButton Tests Tapping scheduled item triggers toggleScheduled callback
00:29 +171 -2: C:/Code/TaskMaster/TaskMaster-Flutter/test/widget/heading_item_widget_test.dart: HeadingItem Tests Converts lowercase to uppercase
00:29 +172 -2: C:/Code/TaskMaster/TaskMaster-Flutter/test/widget/filter_button_widget_test.dart: FilterButton Tests Tapping completed item triggers toggleCompleted callback
00:29 +173 -2: C:/Code/TaskMaster/TaskMaster-Flutter/test/widget/filter_button_widget_test.dart: FilterButton Tests Tapping completed item triggers toggleCompleted callback
00:29 +174 -2: C:/Code/TaskMaster/TaskMaster-Flutter/test/widget/heading_item_widget_test.dart: HeadingItem Tests Displays multiple headings independently
00:29 +175 -2: C:/Code/TaskMaster/TaskMaster-Flutter/test/widget/filter_button_widget_test.dart: FilterButton Tests Can toggle both filters independently
00:29 +176 -2: C:/Code/TaskMaster/TaskMaster-Flutter/test/widget/filter_button_widget_test.dart: FilterButton Tests Can toggle both filters independently
00:29 +177 -2: C:/Code/TaskMaster/TaskMaster-Flutter/test/widget/filter_button_widget_test.dart: FilterButton Tests Can toggle both filters independently
00:29 +178 -2: C:/Code/TaskMaster/TaskMaster-Flutter/test/widget/filter_button_widget_test.dart: FilterButton Tests Can toggle both filters independently
00:29 +179 -2: C:/Code/TaskMaster/TaskMaster-Flutter/test/widget/filter_button_widget_test.dart: FilterButton Tests Can toggle both filters independently
00:29 +180 -2: C:/Code/TaskMaster/TaskMaster-Flutter/test/widget/heading_item_widget_test.dart: HeadingItem Tests Handles numbers in heading
00:29 +181 -2: C:/Code/TaskMaster/TaskMaster-Flutter/test/widget/filter_button_widget_test.dart: FilterButton Tests Filter button works in different scaffold positions
00:29 +182 -2: C:/Code/TaskMaster/TaskMaster-Flutter/test/widget/nullable_dropdown_widget_test.dart: NullableDropdown Tests Displays dropdown with label
00:29 +183 -2: C:/Code/TaskMaster/TaskMaster-Flutter/test/widget/nullable_dropdown_widget_test.dart: NullableDropdown Tests Displays dropdown with label
00:30 +184 -2: C:/Code/TaskMaster/TaskMaster-Flutter/test/widget/nullable_dropdown_widget_test.dart: NullableDropdown Tests Displays "(none)" when initialValue is null
00:30 +185 -2: C:/Code/TaskMaster/TaskMaster-Flutter/test/widget/nullable_dropdown_widget_test.dart: NullableDropdown Tests Displays initialValue when provided
00:30 +186 -2: C:/Code/TaskMaster/TaskMaster-Flutter/test/widget/nullable_dropdown_widget_test.dart: NullableDropdown Tests Shows all options when dropdown is tapped
00:30 +187 -2: C:/Code/TaskMaster/TaskMaster-Flutter/test/widget/readonly_task_field_widget_test.dart: ReadOnlyTaskField Tests Displays header and text
00:30 +188 -2: C:/Code/TaskMaster/TaskMaster-Flutter/test/widget/readonly_task_field_widget_test.dart: ReadOnlyTaskField Tests Displays header and text
00:31 +189 -2: C:/Code/TaskMaster/TaskMaster-Flutter/test/widget/readonly_task_field_widget_test.dart: ReadOnlyTaskField Tests Displays header and text
00:31 +190 -2: C:/Code/TaskMaster/TaskMaster-Flutter/test/widget/readonly_task_field_widget_test.dart: ReadOnlyTaskField Tests Displays header and text
00:31 +191 -2: C:/Code/TaskMaster/TaskMaster-Flutter/test/widget/readonly_task_field_widget_test.dart: ReadOnlyTaskField Tests Displays header and text
00:31 +192 -2: C:/Code/TaskMaster/TaskMaster-Flutter/test/widget/nullable_dropdown_widget_test.dart: NullableDropdown Tests Validator is called and displays error
00:31 +193 -2: C:/Code/TaskMaster/TaskMaster-Flutter/test/widget/nullable_dropdown_widget_test.dart: NullableDropdown Tests Validator is called and displays error
00:31 +194 -2: C:/Code/TaskMaster/TaskMaster-Flutter/test/widget/readonly_task_field_widget_test.dart: ReadOnlyTaskField Tests Hides widget when textToShow is null
00:31 +195 -2: C:/Code/TaskMaster/TaskMaster-Flutter/test/widget/nullable_dropdown_widget_test.dart: NullableDropdown Tests State updates when selecting different values
00:31 +196 -2: C:/Code/TaskMaster/TaskMaster-Flutter/test/widget/nullable_dropdown_widget_test.dart: NullableDropdown Tests State updates when selecting different values
00:31 +197 -2: C:/Code/TaskMaster/TaskMaster-Flutter/test/widget/nullable_dropdown_widget_test.dart: NullableDropdown Tests State updates when selecting different values
00:31 +198 -2: C:/Code/TaskMaster/TaskMaster-Flutter/test/widget/nullable_dropdown_widget_test.dart: NullableDropdown Tests State updates when selecting different values
00:31 +199 -2: C:/Code/TaskMaster/TaskMaster-Flutter/test/widget/nullable_dropdown_widget_test.dart: NullableDropdown Tests State updates when selecting different values
00:31 +200 -2: C:/Code/TaskMaster/TaskMaster-Flutter/test/widget/readonly_task_field_widget_test.dart: ReadOnlyTaskField Tests Uses default background color when not specified
00:31 +201 -2: C:/Code/TaskMaster/TaskMaster-Flutter/test/widget/nullable_dropdown_widget_test.dart: NullableDropdown Tests Handles empty string as valid option
00:31 +202 -2: C:/Code/TaskMaster/TaskMaster-Flutter/test/widget/nullable_dropdown_widget_test.dart: NullableDropdown Tests Handles empty string as valid option
00:31 +203 -2: C:/Code/TaskMaster/TaskMaster-Flutter/test/widget/readonly_task_field_widget_test.dart: ReadOnlyTaskField Tests No outline border when outline color not specified
00:31 +204 -2: C:/Code/TaskMaster/TaskMaster-Flutter/test/widget/nullable_dropdown_widget_test.dart: NullableDropdown Tests Multiple dropdowns work independently
00:31 +205 -2: C:/Code/TaskMaster/TaskMaster-Flutter/test/widget/nullable_dropdown_widget_test.dart: NullableDropdown Tests Multiple dropdowns work independently
00:31 +206 -2: C:/Code/TaskMaster/TaskMaster-Flutter/test/widget/nullable_dropdown_widget_test.dart: NullableDropdown Tests Multiple dropdowns work independently
00:31 +207 -2: C:/Code/TaskMaster/TaskMaster-Flutter/test/widget/stats_counter_widget_test.dart: StatsCounter Redux Widget Tests Displays zero for both counts when no tasks exist
00:31 +208 -2: C:/Code/TaskMaster/TaskMaster-Flutter/test/widget/stats_counter_widget_test.dart: StatsCounter Redux Widget Tests Displays zero for both counts when no tasks exist
00:31 +209 -2: C:/Code/TaskMaster/TaskMaster-Flutter/test/widget/stats_counter_widget_test.dart: StatsCounter Redux Widget Tests Displays zero for both counts when no tasks exist
00:31 +210 -2: C:/Code/TaskMaster/TaskMaster-Flutter/test/widget/stats_counter_widget_test.dart: StatsCounter Redux Widget Tests Displays zero for both counts when no tasks exist
00:31 +211 -2: C:/Code/TaskMaster/TaskMaster-Flutter/test/widget/stats_counter_widget_test.dart: StatsCounter Redux Widget Tests Displays zero for both counts when no tasks exist
00:31 +212 -2: C:/Code/TaskMaster/TaskMaster-Flutter/test/widget/stats_counter_widget_test.dart: StatsCounter Redux Widget Tests Displays zero for both counts when no tasks exist
00:32 +213 -2: C:/Code/TaskMaster/TaskMaster-Flutter/test/widget/stats_counter_widget_test.dart: StatsCounter Redux Widget Tests Displays correct count for only active tasks
00:32 +214 -2: C:/Code/TaskMaster/TaskMaster-Flutter/test/widget/stats_counter_widget_test.dart: StatsCounter Redux Widget Tests Displays correct count for only completed tasks
00:32 +215 -2: C:/Code/TaskMaster/TaskMaster-Flutter/test/widget/stats_counter_widget_test.dart: StatsCounter Redux Widget Tests Displays correct counts for mixed active and completed tasks
00:32 +216 -2: C:/Code/TaskMaster/TaskMaster-Flutter/test/widget/stats_counter_widget_test.dart: StatsCounter Redux Widget Tests Retired tasks are still counted as active by selector
00:32 +217 -2: C:/Code/TaskMaster/TaskMaster-Flutter/test/widget/stats_counter_widget_test.dart: StatsCounter Redux Widget Tests Widget has correct structure with AppBar and body
00:32 +218 -2: C:/Code/TaskMaster/TaskMaster-Flutter/test/widget/stats_counter_widget_test.dart: StatsCounter Redux Widget Tests Displays large numbers correctly
00:32 +219 -2: C:/Code/TaskMaster/TaskMaster-Flutter/test/widgets/editable_task_field_test.dart: has label
00:33 +220 -2: C:/Code/TaskMaster/TaskMaster-Flutter/test/widgets/editable_task_field_test.dart: has label
00:33 +221 -2: C:/Code/TaskMaster/TaskMaster-Flutter/test/widgets/editable_task_field_test.dart: change text
00:33 +222 -2: C:/Code/TaskMaster/TaskMaster-Flutter/test/widgets/editable_task_field_test.dart: validation passes null ok
00:34 +223 -2: C:/Code/TaskMaster/TaskMaster-Flutter/test/widgets/editable_task_field_test.dart: validation fails null not ok
00:34 +224 -2: C:/Code/TaskMaster/TaskMaster-Flutter/test/widgets/editable_task_field_test.dart: validation passes null not ok
00:34 +225 -2: C:/Code/TaskMaster/TaskMaster-Flutter/test/widgets/editable_task_field_test.dart: validation fails if validator fails
00:34 +226 -2: C:/Code/TaskMaster/TaskMaster-Flutter/test/widgets/editable_task_field_test.dart: displays initialText
00:34 +227 -2: C:/Code/TaskMaster/TaskMaster-Flutter/test/widgets/editable_task_field_test.dart: applies wordCaps: true
00:34 +228 -2: C:/Code/TaskMaster/TaskMaster-Flutter/test/widgets/editable_task_field_test.dart: applies wordCaps: false
00:34 +229 -2: C:/Code/TaskMaster/TaskMaster-Flutter/test/widgets/editable_task_field_test.dart: propagates inputType to TextFormField
00:34 +230 -2: C:/Code/TaskMaster/TaskMaster-Flutter/test/widgets/editable_task_field_test.dart: validation passes with custom validator and no error text
00:34 +231 -2: C:/Code/TaskMaster/TaskMaster-Flutter/test/widgets/editable_task_field_test.dart: displays default error message when isRequired fails
00:34 +232 -2: C:/Code/TaskMaster/TaskMaster-Flutter/test/widgets/editable_task_field_test.dart: displays custom error message when custom validator fails
00:35 +233 -2: C:/Code/TaskMaster/TaskMaster-Flutter/test/widgets/editable_task_item_test.dart: EditableTaskItemWidget Tests displays task name
00:35 +234 -2: C:/Code/TaskMaster/TaskMaster-Flutter/test/widgets/editable_task_item_test.dart: EditableTaskItemWidget Tests displays project name when provided
00:35 +235 -2: C:/Code/TaskMaster/TaskMaster-Flutter/test/widgets/editable_task_item_test.dart: EditableTaskItemWidget Tests hides project name when not provided
00:35 +236 -2: C:/Code/TaskMaster/TaskMaster-Flutter/test/widgets/editable_task_item_test.dart: EditableTaskItemWidget Tests displays DelayedCheckbox
00:35 +237 -2: C:/Code/TaskMaster/TaskMaster-Flutter/test/widgets/editable_task_item_test.dart: EditableTaskItemWidget Tests checkbox is in inactive state by default
00:36 +238 -2: C:/Code/TaskMaster/TaskMaster-Flutter/test/widgets/editable_task_item_test.dart: EditableTaskItemWidget Tests checkbox is in checked state when task is completed
00:36 +239 -2: C:/Code/TaskMaster/TaskMaster-Flutter/test/widgets/editable_task_item_test.dart: EditableTaskItemWidget Tests checkbox is in pending state when task is pending completion
00:36 +240 -2: C:/Code/TaskMaster/TaskMaster-Flutter/test/widgets/editable_task_item_test.dart: EditableTaskItemWidget Tests checkbox is checked if completed, even if also pending
00:36 +241 -2: C:/Code/TaskMaster/TaskMaster-Flutter/test/widgets/editable_task_item_test.dart: EditableTaskItemWidget Tests background is pendingBackground when pending
00:36 +242 -2: C:/Code/TaskMaster/TaskMaster-Flutter/test/widgets/editable_task_item_test.dart: EditableTaskItemWidget Tests background is completedColor when completed
00:36 +243 -2: C:/Code/TaskMaster/TaskMaster-Flutter/test/widgets/editable_task_item_test.dart: EditableTaskItemWidget Tests displays "Completed ..." when completed (simplified check)
00:36 +244 -2: C:/Code/TaskMaster/TaskMaster-Flutter/test/widgets/editable_task_item_test.dart: EditableTaskItemWidget Tests displays "Due in ..." for future due date (simplified check)
00:36 +245 -2: C:/Code/TaskMaster/TaskMaster-Flutter/test/widgets/editable_task_item_test.dart: EditableTaskItemWidget Tests shows sprint icon and border when highlightSprint is true
00:36 +246 -2: C:/Code/TaskMaster/TaskMaster-Flutter/test/widgets/editable_task_item_test.dart: EditableTaskItemWidget Tests hides sprint icon and uses default/scheduled border when highlightSprint is false
00:36 +247 -2: C:/Code/TaskMaster/TaskMaster-Flutter/test/widgets/editable_task_item_test.dart: EditableTaskItemWidget Tests uses scheduled border when task is scheduled and not sprint highlighted
00:36 +248 -2: C:/Code/TaskMaster/TaskMaster-Flutter/test/widgets/editable_task_item_test.dart: EditableTaskItemWidget Tests uses scheduled text style when task is scheduled
00:36 +249 -2: C:/Code/TaskMaster/TaskMaster-Flutter/test/widgets/editable_task_item_test.dart: EditableTaskItemWidget Tests uses invisible shadow when task is scheduled
00:36 +250 -2: C:/Code/TaskMaster/TaskMaster-Flutter/test/widgets/editable_task_item_test.dart: EditableTaskItemWidget Tests uses black shadow when task is not scheduled
00:36 +251 -2: C:/Code/TaskMaster/TaskMaster-Flutter/test/widgets/editable_task_item_test.dart: EditableTaskItemWidget Tests Dismissible is present with correct key
00:36 +252 -2: C:/Code/TaskMaster/TaskMaster-Flutter/test/widgets/editable_task_item_test.dart: EditableTaskItemWidget Tests onTap callback is wired to GestureDetector
00:36 +253 -2: C:/Code/TaskMaster/TaskMaster-Flutter/test/widgets/editable_task_item_test.dart: EditableTaskItemWidget Tests onLongPress callback is wired to GestureDetector
00:36 +254 -2: C:/Code/TaskMaster/TaskMaster-Flutter/test/widgets/editable_task_item_test.dart: EditableTaskItemWidget Tests onTaskCompleteToggle is wired to DelayedCheckbox's tap
00:36 +255 -2: Some tests failed.
